hdoop@akanksha2510:~$ hdfs namenode -format
WARNING: /home/hdoop/hadoop-3.2.1/logs does not exist. Creating.
2021-04-24 21:17:35,678 INFO namenode.NameNode: STARTUP_MSG: 
/************************************************************
STARTUP_MSG: Starting NameNode
STARTUP_MSG:   host = akanksha2510/127.0.1.1
STARTUP_MSG:   args = [-format]
STARTUP_MSG:   version = 3.2.1
STARTUP_MSG:   classpath = /home/hdoop/hadoop-3.2.1/etc/hadoop:/home/hdoop/hadoop-3.2.1/share/hadoop/common/lib/jackson-annotations-2.9.8.jar:/home/hdoop/hadoop-3.2.1/share/hadoop/common/lib/jackson-core-2.9.8.jar:/home/hdoop/hadoop-3.2.1/share/hadoop/common/lib/dnsjava-2.1.7.jar:/home/hdoop/hadoop-3.2.1/share/hadoop/common/lib/jsr305-3.0.0.jar:/home/hdoop/hadoop-3.2.1/share/hadoop/common/lib/listenablefuture-9999.0-empty-to-avoid-conflict-with-guava.jar:/home/hdoop/hadoop-3.2.1/share/hadoop/common/lib/jersey-server-1.19.jar:/home/hdoop/hadoop-3.2.1/share/hadoop/common/lib/jackson-jaxrs-1.9.13.jar:/home/hdoop/hadoop-3.2.1/share/hadoop/common/lib/snappy-java-1.0.5.jar:/home/hdoop/hadoop-3.2.1/share/hadoop/common/lib/metrics-core-3.2.4.jar:/home/hdoop/hadoop-3.2.1/share/hadoop/common/lib/commons-cli-1.2.jar:/home/hdoop/hadoop-3.2.1/share/hadoop/common/lib/accessors-smart-1.2.jar:/home/hdoop/hadoop-3.2.1/share/hadoop/common/lib/hadoop-auth-3.2.1.jar:/home/hdoop/hadoop-3.2.1/share/hadoop/common/lib/kerb-client-1.0.1.jar:/home/hdoop/hadoop-3.2.1/share/hadoop/common/lib/jackson-core-asl-1.9.13.jar:/home/hdoop/hadoop-3.2.1/share/hadoop/common/lib/jetty-server-9.3.24.v20180605.jar:/home/hdoop/hadoop-3.2.1/share/hadoop/common/lib/jettison-1.1.jar:/home/hdoop/hadoop-3.2.1/share/hadoop/common/lib/jsch-0.1.54.jar:/home/hdoop/hadoop-3.2.1/share/hadoop/common/lib/kerby-asn1-1.0.1.jar:/home/hdoop/hadoop-3.2.1/share/hadoop/common/lib/kerb-simplekdc-1.0.1.jar:/home/hdoop/hadoop-3.2.1/share/hadoop/common/lib/kerb-common-1.0.1.jar:/home/hdoop/hadoop-3.2.1/share/hadoop/common/lib/jetty-http-9.3.24.v20180605.jar:/home/hdoop/hadoop-3.2.1/share/hadoop/common/lib/nimbus-jose-jwt-4.41.1.jar:/home/hdoop/hadoop-3.2.1/share/hadoop/common/lib/curator-framework-2.13.0.jar:/home/hdoop/hadoop-3.2.1/share/hadoop/common/lib/jetty-xml-9.3.24.v20180605.jar:/home/hdoop/hadoop-3.2.1/share/hadoop/common/lib/audience-annotations-0.5.0.jar:/home/hdoop/hadoop-3.2.1/share/hadoop/common/lib/kerb-util-1.0.1.jar:/home/hdoop/hadoop-3.2.1/share/hadoop/common/lib/gson-2.2.4.jar:/home/hdoop/hadoop-3.2.1/share/hadoop/common/lib/kerb-crypto-1.0.1.jar:/home/hdoop/hadoop-3.2.1/share/hadoop/common/lib/j2objc-annotations-1.1.jar:/home/hdoop/hadoop-3.2.1/share/hadoop/common/lib/jsp-api-2.1.jar:/home/hdoop/hadoop-3.2.1/share/hadoop/common/lib/commons-collections-3.2.2.jar:/home/hdoop/hadoop-3.2.1/share/hadoop/common/lib/netty-3.10.5.Final.jar:/home/hdoop/hadoop-3.2.1/share/hadoop/common/lib/re2j-1.1.jar:/home/hdoop/hadoop-3.2.1/share/hadoop/common/lib/guava-27.0-jre.jar:/home/hdoop/hadoop-3.2.1/share/hadoop/common/lib/jetty-webapp-9.3.24.v20180605.jar:/home/hdoop/hadoop-3.2.1/share/hadoop/common/lib/token-provider-1.0.1.jar:/home/hdoop/hadoop-3.2.1/share/hadoop/common/lib/kerb-identity-1.0.1.jar:/home/hdoop/hadoop-3.2.1/share/hadoop/common/lib/jetty-servlet-9.3.24.v20180605.jar:/home/hdoop/hadoop-3.2.1/share/hadoop/common/lib/jetty-security-9.3.24.v20180605.jar:/home/hdoop/hadoop-3.2.1/share/hadoop/common/lib/kerb-admin-1.0.1.jar:/home/hdoop/hadoop-3.2.1/share/hadoop/common/lib/curator-recipes-2.13.0.jar:/home/hdoop/hadoop-3.2.1/share/hadoop/common/lib/jackson-databind-2.9.8.jar:/home/hdoop/hadoop-3.2.1/share/hadoop/common/lib/commons-net-3.6.jar:/home/hdoop/hadoop-3.2.1/share/hadoop/common/lib/log4j-1.2.17.jar:/home/hdoop/hadoop-3.2.1/share/hadoop/common/lib/htrace-core4-4.1.0-incubating.jar:/home/hdoop/hadoop-3.2.1/share/hadoop/common/lib/kerby-xdr-1.0.1.jar:/home/hdoop/hadoop-3.2.1/share/hadoop/common/lib/kerby-pkix-1.0.1.jar:/home/hdoop/hadoop-3.2.1/share/hadoop/common/lib/zookeeper-3.4.13.jar:/home/hdoop/hadoop-3.2.1/share/hadoop/common/lib/commons-math3-3.1.1.jar:/home/hdoop/hadoop-3.2.1/share/hadoop/common/lib/commons-lang3-3.7.jar:/home/hdoop/hadoop-3.2.1/share/hadoop/common/lib/commons-beanutils-1.9.3.jar:/home/hdoop/hadoop-3.2.1/share/hadoop/common/lib/jersey-json-1.19.jar:/home/hdoop/hadoop-3.2.1/share/hadoop/common/lib/commons-logging-1.1.3.jar:/home/hdoop/hadoop-3.2.1/share/hadoop/common/lib/jersey-core-1.19.jar:/home/hdoop/hadoop-3.2.1/share/hadoop/common/lib/json-smart-2.3.jar:/home/hdoop/hadoop-3.2.1/share/hadoop/common/lib/hadoop-annotations-3.2.1.jar:/home/hdoop/hadoop-3.2.1/share/hadoop/common/lib/woodstox-core-5.0.3.jar:/home/hdoop/hadoop-3.2.1/share/hadoop/common/lib/asm-5.0.4.jar:/home/hdoop/hadoop-3.2.1/share/hadoop/common/lib/kerb-server-1.0.1.jar:/home/hdoop/hadoop-3.2.1/share/hadoop/common/lib/avro-1.7.7.jar:/home/hdoop/hadoop-3.2.1/share/hadoop/common/lib/jcip-annotations-1.0-1.jar:/home/hdoop/hadoop-3.2.1/share/hadoop/common/lib/jsr311-api-1.1.1.jar:/home/hdoop/hadoop-3.2.1/share/hadoop/common/lib/error_prone_annotations-2.2.0.jar:/home/hdoop/hadoop-3.2.1/share/hadoop/common/lib/paranamer-2.3.jar:/home/hdoop/hadoop-3.2.1/share/hadoop/common/lib/commons-codec-1.11.jar:/home/hdoop/hadoop-3.2.1/share/hadoop/common/lib/kerby-util-1.0.1.jar:/home/hdoop/hadoop-3.2.1/share/hadoop/common/lib/jaxb-impl-2.2.3-1.jar:/home/hdoop/hadoop-3.2.1/share/hadoop/common/lib/jackson-mapper-asl-1.9.13.jar:/home/hdoop/hadoop-3.2.1/share/hadoop/common/lib/commons-compress-1.18.jar:/home/hdoop/hadoop-3.2.1/share/hadoop/common/lib/slf4j-api-1.7.25.jar:/home/hdoop/hadoop-3.2.1/share/hadoop/common/lib/commons-text-1.4.jar:/home/hdoop/hadoop-3.2.1/share/hadoop/common/lib/slf4j-log4j12-1.7.25.jar:/home/hdoop/hadoop-3.2.1/share/hadoop/common/lib/commons-io-2.5.jar:/home/hdoop/hadoop-3.2.1/share/hadoop/common/lib/jetty-util-9.3.24.v20180605.jar:/home/hdoop/hadoop-3.2.1/share/hadoop/common/lib/commons-configuration2-2.1.1.jar:/home/hdoop/hadoop-3.2.1/share/hadoop/common/lib/kerby-config-1.0.1.jar:/home/hdoop/hadoop-3.2.1/share/hadoop/common/lib/checker-qual-2.5.2.jar:/home/hdoop/hadoop-3.2.1/share/hadoop/common/lib/httpcore-4.4.10.jar:/home/hdoop/hadoop-3.2.1/share/hadoop/common/lib/animal-sniffer-annotations-1.17.jar:/home/hdoop/hadoop-3.2.1/share/hadoop/common/lib/jaxb-api-2.2.11.jar:/home/hdoop/hadoop-3.2.1/share/hadoop/common/lib/jetty-io-9.3.24.v20180605.jar:/home/hdoop/hadoop-3.2.1/share/hadoop/common/lib/failureaccess-1.0.jar:/home/hdoop/hadoop-3.2.1/share/hadoop/common/lib/kerb-core-1.0.1.jar:/home/hdoop/hadoop-3.2.1/share/hadoop/common/lib/curator-client-2.13.0.jar:/home/hdoop/hadoop-3.2.1/share/hadoop/common/lib/protobuf-java-2.5.0.jar:/home/hdoop/hadoop-3.2.1/share/hadoop/common/lib/javax.servlet-api-3.1.0.jar:/home/hdoop/hadoop-3.2.1/share/hadoop/common/lib/jul-to-slf4j-1.7.25.jar:/home/hdoop/hadoop-3.2.1/share/hadoop/common/lib/jersey-servlet-1.19.jar:/home/hdoop/hadoop-3.2.1/share/hadoop/common/lib/stax2-api-3.1.4.jar:/home/hdoop/hadoop-3.2.1/share/hadoop/common/lib/jackson-xc-1.9.13.jar:/home/hdoop/hadoop-3.2.1/share/hadoop/common/lib/httpclient-4.5.6.jar:/home/hdoop/hadoop-3.2.1/share/hadoop/common/hadoop-nfs-3.2.1.jar:/home/hdoop/hadoop-3.2.1/share/hadoop/common/hadoop-common-3.2.1-tests.jar:/home/hdoop/hadoop-3.2.1/share/hadoop/common/hadoop-common-3.2.1.jar:/home/hdoop/hadoop-3.2.1/share/hadoop/common/hadoop-kms-3.2.1.jar:/home/hdoop/hadoop-3.2.1/share/hadoop/hdfs:/home/hdoop/hadoop-3.2.1/share/hadoop/hdfs/lib/jackson-annotations-2.9.8.jar:/home/hdoop/hadoop-3.2.1/share/hadoop/hdfs/lib/jackson-core-2.9.8.jar:/home/hdoop/hadoop-3.2.1/share/hadoop/hdfs/lib/dnsjava-2.1.7.jar:/home/hdoop/hadoop-3.2.1/share/hadoop/hdfs/lib/jsr305-3.0.0.jar:/home/hdoop/hadoop-3.2.1/share/hadoop/hdfs/lib/listenablefuture-9999.0-empty-to-avoid-conflict-with-guava.jar:/home/hdoop/hadoop-3.2.1/share/hadoop/hdfs/lib/jersey-server-1.19.jar:/home/hdoop/hadoop-3.2.1/share/hadoop/hdfs/lib/jackson-jaxrs-1.9.13.jar:/home/hdoop/hadoop-3.2.1/share/hadoop/hdfs/lib/snappy-java-1.0.5.jar:/home/hdoop/hadoop-3.2.1/share/hadoop/hdfs/lib/commons-cli-1.2.jar:/home/hdoop/hadoop-3.2.1/share/hadoop/hdfs/lib/accessors-smart-1.2.jar:/home/hdoop/hadoop-3.2.1/share/hadoop/hdfs/lib/hadoop-auth-3.2.1.jar:/home/hdoop/hadoop-3.2.1/share/hadoop/hdfs/lib/kerb-client-1.0.1.jar:/home/hdoop/hadoop-3.2.1/share/hadoop/hdfs/lib/jackson-core-asl-1.9.13.jar:/home/hdoop/hadoop-3.2.1/share/hadoop/hdfs/lib/leveldbjni-all-1.8.jar:/home/hdoop/hadoop-3.2.1/share/hadoop/hdfs/lib/jetty-server-9.3.24.v20180605.jar:/home/hdoop/hadoop-3.2.1/share/hadoop/hdfs/lib/jettison-1.1.jar:/home/hdoop/hadoop-3.2.1/share/hadoop/hdfs/lib/jsch-0.1.54.jar:/home/hdoop/hadoop-3.2.1/share/hadoop/hdfs/lib/kerby-asn1-1.0.1.jar:/home/hdoop/hadoop-3.2.1/share/hadoop/hdfs/lib/kerb-simplekdc-1.0.1.jar:/home/hdoop/hadoop-3.2.1/share/hadoop/hdfs/lib/kerb-common-1.0.1.jar:/home/hdoop/hadoop-3.2.1/share/hadoop/hdfs/lib/jetty-http-9.3.24.v20180605.jar:/home/hdoop/hadoop-3.2.1/share/hadoop/hdfs/lib/commons-daemon-1.0.13.jar:/home/hdoop/hadoop-3.2.1/share/hadoop/hdfs/lib/nimbus-jose-jwt-4.41.1.jar:/home/hdoop/hadoop-3.2.1/share/hadoop/hdfs/lib/curator-framework-2.13.0.jar:/home/hdoop/hadoop-3.2.1/share/hadoop/hdfs/lib/jetty-xml-9.3.24.v20180605.jar:/home/hdoop/hadoop-3.2.1/share/hadoop/hdfs/lib/okhttp-2.7.5.jar:/home/hdoop/hadoop-3.2.1/share/hadoop/hdfs/lib/audience-annotations-0.5.0.jar:/home/hdoop/hadoop-3.2.1/share/hadoop/hdfs/lib/kerb-util-1.0.1.jar:/home/hdoop/hadoop-3.2.1/share/hadoop/hdfs/lib/gson-2.2.4.jar:/home/hdoop/hadoop-3.2.1/share/hadoop/hdfs/lib/kerb-crypto-1.0.1.jar:/home/hdoop/hadoop-3.2.1/share/hadoop/hdfs/lib/j2objc-annotations-1.1.jar:/home/hdoop/hadoop-3.2.1/share/hadoop/hdfs/lib/commons-collections-3.2.2.jar:/home/hdoop/hadoop-3.2.1/share/hadoop/hdfs/lib/netty-3.10.5.Final.jar:/home/hdoop/hadoop-3.2.1/share/hadoop/hdfs/lib/re2j-1.1.jar:/home/hdoop/hadoop-3.2.1/share/hadoop/hdfs/lib/guava-27.0-jre.jar:/home/hdoop/hadoop-3.2.1/share/hadoop/hdfs/lib/jetty-webapp-9.3.24.v20180605.jar:/home/hdoop/hadoop-3.2.1/share/hadoop/hdfs/lib/token-provider-1.0.1.jar:/home/hdoop/hadoop-3.2.1/share/hadoop/hdfs/lib/kerb-identity-1.0.1.jar:/home/hdoop/hadoop-3.2.1/share/hadoop/hdfs/lib/jetty-servlet-9.3.24.v20180605.jar:/home/hdoop/hadoop-3.2.1/share/hadoop/hdfs/lib/jetty-security-9.3.24.v20180605.jar:/home/hdoop/hadoop-3.2.1/share/hadoop/hdfs/lib/kerb-admin-1.0.1.jar:/home/hdoop/hadoop-3.2.1/share/hadoop/hdfs/lib/curator-recipes-2.13.0.jar:/home/hdoop/hadoop-3.2.1/share/hadoop/hdfs/lib/jackson-databind-2.9.8.jar:/home/hdoop/hadoop-3.2.1/share/hadoop/hdfs/lib/commons-net-3.6.jar:/home/hdoop/hadoop-3.2.1/share/hadoop/hdfs/lib/log4j-1.2.17.jar:/home/hdoop/hadoop-3.2.1/share/hadoop/hdfs/lib/htrace-core4-4.1.0-incubating.jar:/home/hdoop/hadoop-3.2.1/share/hadoop/hdfs/lib/kerby-xdr-1.0.1.jar:/home/hdoop/hadoop-3.2.1/share/hadoop/hdfs/lib/kerby-pkix-1.0.1.jar:/home/hdoop/hadoop-3.2.1/share/hadoop/hdfs/lib/zookeeper-3.4.13.jar:/home/hdoop/hadoop-3.2.1/share/hadoop/hdfs/lib/commons-math3-3.1.1.jar:/home/hdoop/hadoop-3.2.1/share/hadoop/hdfs/lib/commons-lang3-3.7.jar:/home/hdoop/hadoop-3.2.1/share/hadoop/hdfs/lib/commons-beanutils-1.9.3.jar:/home/hdoop/hadoop-3.2.1/share/hadoop/hdfs/lib/jersey-json-1.19.jar:/home/hdoop/hadoop-3.2.1/share/hadoop/hdfs/lib/commons-logging-1.1.3.jar:/home/hdoop/hadoop-3.2.1/share/hadoop/hdfs/lib/jersey-core-1.19.jar:/home/hdoop/hadoop-3.2.1/share/hadoop/hdfs/lib/json-smart-2.3.jar:/home/hdoop/hadoop-3.2.1/share/hadoop/hdfs/lib/hadoop-annotations-3.2.1.jar:/home/hdoop/hadoop-3.2.1/share/hadoop/hdfs/lib/woodstox-core-5.0.3.jar:/home/hdoop/hadoop-3.2.1/share/hadoop/hdfs/lib/asm-5.0.4.jar:/home/hdoop/hadoop-3.2.1/share/hadoop/hdfs/lib/kerb-server-1.0.1.jar:/home/hdoop/hadoop-3.2.1/share/hadoop/hdfs/lib/avro-1.7.7.jar:/home/hdoop/hadoop-3.2.1/share/hadoop/hdfs/lib/jcip-annotations-1.0-1.jar:/home/hdoop/hadoop-3.2.1/share/hadoop/hdfs/lib/jsr311-api-1.1.1.jar:/home/hdoop/hadoop-3.2.1/share/hadoop/hdfs/lib/error_prone_annotations-2.2.0.jar:/home/hdoop/hadoop-3.2.1/share/hadoop/hdfs/lib/paranamer-2.3.jar:/home/hdoop/hadoop-3.2.1/share/hadoop/hdfs/lib/commons-codec-1.11.jar:/home/hdoop/hadoop-3.2.1/share/hadoop/hdfs/lib/json-simple-1.1.1.jar:/home/hdoop/hadoop-3.2.1/share/hadoop/hdfs/lib/kerby-util-1.0.1.jar:/home/hdoop/hadoop-3.2.1/share/hadoop/hdfs/lib/jaxb-impl-2.2.3-1.jar:/home/hdoop/hadoop-3.2.1/share/hadoop/hdfs/lib/jackson-mapper-asl-1.9.13.jar:/home/hdoop/hadoop-3.2.1/share/hadoop/hdfs/lib/okio-1.6.0.jar:/home/hdoop/hadoop-3.2.1/share/hadoop/hdfs/lib/commons-compress-1.18.jar:/home/hdoop/hadoop-3.2.1/share/hadoop/hdfs/lib/commons-text-1.4.jar:/home/hdoop/hadoop-3.2.1/share/hadoop/hdfs/lib/commons-io-2.5.jar:/home/hdoop/hadoop-3.2.1/share/hadoop/hdfs/lib/jetty-util-ajax-9.3.24.v20180605.jar:/home/hdoop/hadoop-3.2.1/share/hadoop/hdfs/lib/jetty-util-9.3.24.v20180605.jar:/home/hdoop/hadoop-3.2.1/share/hadoop/hdfs/lib/commons-configuration2-2.1.1.jar:/home/hdoop/hadoop-3.2.1/share/hadoop/hdfs/lib/kerby-config-1.0.1.jar:/home/hdoop/hadoop-3.2.1/share/hadoop/hdfs/lib/checker-qual-2.5.2.jar:/home/hdoop/hadoop-3.2.1/share/hadoop/hdfs/lib/httpcore-4.4.10.jar:/home/hdoop/hadoop-3.2.1/share/hadoop/hdfs/lib/animal-sniffer-annotations-1.17.jar:/home/hdoop/hadoop-3.2.1/share/hadoop/hdfs/lib/jaxb-api-2.2.11.jar:/home/hdoop/hadoop-3.2.1/share/hadoop/hdfs/lib/jetty-io-9.3.24.v20180605.jar:/home/hdoop/hadoop-3.2.1/share/hadoop/hdfs/lib/failureaccess-1.0.jar:/home/hdoop/hadoop-3.2.1/share/hadoop/hdfs/lib/kerb-core-1.0.1.jar:/home/hdoop/hadoop-3.2.1/share/hadoop/hdfs/lib/curator-client-2.13.0.jar:/home/hdoop/hadoop-3.2.1/share/hadoop/hdfs/lib/protobuf-java-2.5.0.jar:/home/hdoop/hadoop-3.2.1/share/hadoop/hdfs/lib/javax.servlet-api-3.1.0.jar:/home/hdoop/hadoop-3.2.1/share/hadoop/hdfs/lib/jersey-servlet-1.19.jar:/home/hdoop/hadoop-3.2.1/share/hadoop/hdfs/lib/stax2-api-3.1.4.jar:/home/hdoop/hadoop-3.2.1/share/hadoop/hdfs/lib/jackson-xc-1.9.13.jar:/home/hdoop/hadoop-3.2.1/share/hadoop/hdfs/lib/httpclient-4.5.6.jar:/home/hdoop/hadoop-3.2.1/share/hadoop/hdfs/lib/netty-all-4.0.52.Final.jar:/home/hdoop/hadoop-3.2.1/share/hadoop/hdfs/hadoop-hdfs-client-3.2.1.jar:/home/hdoop/hadoop-3.2.1/share/hadoop/hdfs/hadoop-hdfs-native-client-3.2.1.jar:/home/hdoop/hadoop-3.2.1/share/hadoop/hdfs/hadoop-hdfs-client-3.2.1-tests.jar:/home/hdoop/hadoop-3.2.1/share/hadoop/hdfs/hadoop-hdfs-nfs-3.2.1.jar:/home/hdoop/hadoop-3.2.1/share/hadoop/hdfs/hadoop-hdfs-native-client-3.2.1-tests.jar:/home/hdoop/hadoop-3.2.1/share/hadoop/hdfs/hadoop-hdfs-httpfs-3.2.1.jar:/home/hdoop/hadoop-3.2.1/share/hadoop/hdfs/hadoop-hdfs-rbf-3.2.1.jar:/home/hdoop/hadoop-3.2.1/share/hadoop/hdfs/hadoop-hdfs-3.2.1.jar:/home/hdoop/hadoop-3.2.1/share/hadoop/hdfs/hadoop-hdfs-3.2.1-tests.jar:/home/hdoop/hadoop-3.2.1/share/hadoop/hdfs/hadoop-hdfs-rbf-3.2.1-tests.jar:/home/hdoop/hadoop-3.2.1/share/hadoop/mapreduce/lib/hamcrest-core-1.3.jar:/home/hdoop/hadoop-3.2.1/share/hadoop/mapreduce/lib/junit-4.11.jar:/home/hdoop/hadoop-3.2.1/share/hadoop/mapreduce/hadoop-mapreduce-examples-3.2.1.jar:/home/hdoop/hadoop-3.2.1/share/hadoop/mapreduce/hadoop-mapreduce-client-jobclient-3.2.1-tests.jar:/home/hdoop/hadoop-3.2.1/share/hadoop/mapreduce/hadoop-mapreduce-client-hs-3.2.1.jar:/home/hdoop/hadoop-3.2.1/share/hadoop/mapreduce/hadoop-mapreduce-client-app-3.2.1.jar:/home/hdoop/hadoop-3.2.1/share/hadoop/mapreduce/hadoop-mapreduce-client-hs-plugins-3.2.1.jar:/home/hdoop/hadoop-3.2.1/share/hadoop/mapreduce/hadoop-mapreduce-client-shuffle-3.2.1.jar:/home/hdoop/hadoop-3.2.1/share/hadoop/mapreduce/hadoop-mapreduce-client-common-3.2.1.jar:/home/hdoop/hadoop-3.2.1/share/hadoop/mapreduce/hadoop-mapreduce-client-core-3.2.1.jar:/home/hdoop/hadoop-3.2.1/share/hadoop/mapreduce/hadoop-mapreduce-client-nativetask-3.2.1.jar:/home/hdoop/hadoop-3.2.1/share/hadoop/mapreduce/hadoop-mapreduce-client-uploader-3.2.1.jar:/home/hdoop/hadoop-3.2.1/share/hadoop/mapreduce/hadoop-mapreduce-client-jobclient-3.2.1.jar:/home/hdoop/hadoop-3.2.1/share/hadoop/yarn:/home/hdoop/hadoop-3.2.1/share/hadoop/yarn/lib/bcpkix-jdk15on-1.60.jar:/home/hdoop/hadoop-3.2.1/share/hadoop/yarn/lib/metrics-core-3.2.4.jar:/home/hdoop/hadoop-3.2.1/share/hadoop/yarn/lib/fst-2.50.jar:/home/hdoop/hadoop-3.2.1/share/hadoop/yarn/lib/jersey-client-1.19.jar:/home/hdoop/hadoop-3.2.1/share/hadoop/yarn/lib/objenesis-1.0.jar:/home/hdoop/hadoop-3.2.1/share/hadoop/yarn/lib/jersey-guice-1.19.jar:/home/hdoop/hadoop-3.2.1/share/hadoop/yarn/lib/bcprov-jdk15on-1.60.jar:/home/hdoop/hadoop-3.2.1/share/hadoop/yarn/lib/ehcache-3.3.1.jar:/home/hdoop/hadoop-3.2.1/share/hadoop/yarn/lib/swagger-annotations-1.5.4.jar:/home/hdoop/hadoop-3.2.1/share/hadoop/yarn/lib/HikariCP-java7-2.4.12.jar:/home/hdoop/hadoop-3.2.1/share/hadoop/yarn/lib/geronimo-jcache_1.0_spec-1.0-alpha-1.jar:/home/hdoop/hadoop-3.2.1/share/hadoop/yarn/lib/json-io-2.5.1.jar:/home/hdoop/hadoop-3.2.1/share/hadoop/yarn/lib/jackson-jaxrs-base-2.9.8.jar:/home/hdoop/hadoop-3.2.1/share/hadoop/yarn/lib/snakeyaml-1.16.jar:/home/hdoop/hadoop-3.2.1/share/hadoop/yarn/lib/guice-4.0.jar:/home/hdoop/hadoop-3.2.1/share/hadoop/yarn/lib/guice-servlet-4.0.jar:/home/hdoop/hadoop-3.2.1/share/hadoop/yarn/lib/javax.inject-1.jar:/home/hdoop/hadoop-3.2.1/share/hadoop/yarn/lib/aopalliance-1.0.jar:/home/hdoop/hadoop-3.2.1/share/hadoop/yarn/lib/mssql-jdbc-6.2.1.jre7.jar:/home/hdoop/hadoop-3.2.1/share/hadoop/yarn/lib/jackson-jaxrs-json-provider-2.9.8.jar:/home/hdoop/hadoop-3.2.1/share/hadoop/yarn/lib/java-util-1.9.0.jar:/home/hdoop/hadoop-3.2.1/share/hadoop/yarn/lib/jackson-module-jaxb-annotations-2.9.8.jar:/home/hdoop/hadoop-3.2.1/share/hadoop/yarn/hadoop-yarn-server-tests-3.2.1.jar:/home/hdoop/hadoop-3.2.1/share/hadoop/yarn/hadoop-yarn-server-common-3.2.1.jar:/home/hdoop/hadoop-3.2.1/share/hadoop/yarn/hadoop-yarn-server-web-proxy-3.2.1.jar:/home/hdoop/hadoop-3.2.1/share/hadoop/yarn/hadoop-yarn-server-router-3.2.1.jar:/home/hdoop/hadoop-3.2.1/share/hadoop/yarn/hadoop-yarn-submarine-3.2.1.jar:/home/hdoop/hadoop-3.2.1/share/hadoop/yarn/hadoop-yarn-services-api-3.2.1.jar:/home/hdoop/hadoop-3.2.1/share/hadoop/yarn/hadoop-yarn-server-timeline-pluginstorage-3.2.1.jar:/home/hdoop/hadoop-3.2.1/share/hadoop/yarn/hadoop-yarn-server-nodemanager-3.2.1.jar:/home/hdoop/hadoop-3.2.1/share/hadoop/yarn/hadoop-yarn-client-3.2.1.jar:/home/hdoop/hadoop-3.2.1/share/hadoop/yarn/hadoop-yarn-applications-unmanaged-am-launcher-3.2.1.jar:/home/hdoop/hadoop-3.2.1/share/hadoop/yarn/hadoop-yarn-services-core-3.2.1.jar:/home/hdoop/hadoop-3.2.1/share/hadoop/yarn/hadoop-yarn-server-resourcemanager-3.2.1.jar:/home/hdoop/hadoop-3.2.1/share/hadoop/yarn/hadoop-yarn-server-applicationhistoryservice-3.2.1.jar:/home/hdoop/hadoop-3.2.1/share/hadoop/yarn/hadoop-yarn-applications-distributedshell-3.2.1.jar:/home/hdoop/hadoop-3.2.1/share/hadoop/yarn/hadoop-yarn-server-sharedcachemanager-3.2.1.jar:/home/hdoop/hadoop-3.2.1/share/hadoop/yarn/hadoop-yarn-api-3.2.1.jar:/home/hdoop/hadoop-3.2.1/share/hadoop/yarn/hadoop-yarn-registry-3.2.1.jar:/home/hdoop/hadoop-3.2.1/share/hadoop/yarn/hadoop-yarn-common-3.2.1.jar
STARTUP_MSG:   build = https://gitbox.apache.org/repos/asf/hadoop.git -r b3cbbb467e22ea829b3808f4b7b01d07e0bf3842; compiled by 'rohithsharmaks' on 2019-09-10T15:56Z
STARTUP_MSG:   java = 1.8.0_282
************************************************************/
2021-04-24 21:17:35,786 INFO namenode.NameNode: registered UNIX signal handlers for [TERM, HUP, INT]
2021-04-24 21:17:36,196 INFO namenode.NameNode: createNameNode [-format]
2021-04-24 21:17:36,826 WARN util.NativeCodeLoader: Unable to load native-hadoop library for your platform... using builtin-java classes where applicable
Formatting using clusterid: CID-af8ee7dc-2d65-4d58-b863-15cc5fc4f9f8
2021-04-24 21:17:38,431 INFO namenode.FSEditLog: Edit logging is async:true
2021-04-24 21:17:38,514 INFO namenode.FSNamesystem: KeyProvider: null
2021-04-24 21:17:38,521 INFO namenode.FSNamesystem: fsLock is fair: true
2021-04-24 21:17:38,530 INFO namenode.FSNamesystem: Detailed lock hold time metrics enabled: false
2021-04-24 21:17:38,562 INFO namenode.FSNamesystem: fsOwner             = hdoop (auth:SIMPLE)
2021-04-24 21:17:38,562 INFO namenode.FSNamesystem: supergroup          = supergroup
2021-04-24 21:17:38,562 INFO namenode.FSNamesystem: isPermissionEnabled = true
2021-04-24 21:17:38,563 INFO namenode.FSNamesystem: HA Enabled: false
2021-04-24 21:17:38,807 INFO common.Util: dfs.datanode.fileio.profiling.sampling.percentage set to 0. Disabling file IO profiling
2021-04-24 21:17:38,867 INFO blockmanagement.DatanodeManager: dfs.block.invalidate.limit: configured=1000, counted=60, effected=1000
2021-04-24 21:17:38,868 INFO blockmanagement.DatanodeManager: dfs.namenode.datanode.registration.ip-hostname-check=true
2021-04-24 21:17:38,877 INFO blockmanagement.BlockManager: dfs.namenode.startup.delay.block.deletion.sec is set to 000:00:00:00.000
2021-04-24 21:17:38,878 INFO blockmanagement.BlockManager: The block deletion will start around 2021 Apr 24 21:17:38
2021-04-24 21:17:38,885 INFO util.GSet: Computing capacity for map BlocksMap
2021-04-24 21:17:38,886 INFO util.GSet: VM type       = 64-bit
2021-04-24 21:17:38,913 INFO util.GSet: 2.0% max memory 481.4 MB = 9.6 MB
2021-04-24 21:17:38,914 INFO util.GSet: capacity      = 2^20 = 1048576 entries
2021-04-24 21:17:38,957 INFO blockmanagement.BlockManager: Storage policy satisfier is disabled
2021-04-24 21:17:38,957 INFO blockmanagement.BlockManager: dfs.block.access.token.enable = false
2021-04-24 21:17:38,980 INFO Configuration.deprecation: No unit for dfs.namenode.safemode.extension(30000) assuming MILLISECONDS
2021-04-24 21:17:38,981 INFO blockmanagement.BlockManagerSafeMode: dfs.namenode.safemode.threshold-pct = 0.9990000128746033
2021-04-24 21:17:38,981 INFO blockmanagement.BlockManagerSafeMode: dfs.namenode.safemode.min.datanodes = 0
2021-04-24 21:17:38,982 INFO blockmanagement.BlockManagerSafeMode: dfs.namenode.safemode.extension = 30000
2021-04-24 21:17:38,983 INFO blockmanagement.BlockManager: defaultReplication         = 1
2021-04-24 21:17:38,984 INFO blockmanagement.BlockManager: maxReplication             = 512
2021-04-24 21:17:38,984 INFO blockmanagement.BlockManager: minReplication             = 1
2021-04-24 21:17:38,985 INFO blockmanagement.BlockManager: maxReplicationStreams      = 2
2021-04-24 21:17:38,985 INFO blockmanagement.BlockManager: redundancyRecheckInterval  = 3000ms
2021-04-24 21:17:38,985 INFO blockmanagement.BlockManager: encryptDataTransfer        = false
2021-04-24 21:17:38,986 INFO blockmanagement.BlockManager: maxNumBlocksToLog          = 1000
2021-04-24 21:17:39,072 INFO namenode.FSDirectory: GLOBAL serial map: bits=29 maxEntries=536870911
2021-04-24 21:17:39,072 INFO namenode.FSDirectory: USER serial map: bits=24 maxEntries=16777215
2021-04-24 21:17:39,072 INFO namenode.FSDirectory: GROUP serial map: bits=24 maxEntries=16777215
2021-04-24 21:17:39,073 INFO namenode.FSDirectory: XATTR serial map: bits=24 maxEntries=16777215
2021-04-24 21:17:39,104 INFO util.GSet: Computing capacity for map INodeMap
2021-04-24 21:17:39,105 INFO util.GSet: VM type       = 64-bit
2021-04-24 21:17:39,108 INFO util.GSet: 1.0% max memory 481.4 MB = 4.8 MB
2021-04-24 21:17:39,108 INFO util.GSet: capacity      = 2^19 = 524288 entries
2021-04-24 21:17:39,109 INFO namenode.FSDirectory: ACLs enabled? false
2021-04-24 21:17:39,109 INFO namenode.FSDirectory: POSIX ACL inheritance enabled? true
2021-04-24 21:17:39,110 INFO namenode.FSDirectory: XAttrs enabled? true
2021-04-24 21:17:39,121 INFO namenode.NameNode: Caching file names occurring more than 10 times
2021-04-24 21:17:39,131 INFO snapshot.SnapshotManager: Loaded config captureOpenFiles: false, skipCaptureAccessTimeOnlyChange: false, snapshotDiffAllowSnapRootDescendant: true, maxSnapshotLimit: 65536
2021-04-24 21:17:39,142 INFO snapshot.SnapshotManager: SkipList is disabled
2021-04-24 21:17:39,161 INFO util.GSet: Computing capacity for map cachedBlocks
2021-04-24 21:17:39,164 INFO util.GSet: VM type       = 64-bit
2021-04-24 21:17:39,164 INFO util.GSet: 0.25% max memory 481.4 MB = 1.2 MB
2021-04-24 21:17:39,168 INFO util.GSet: capacity      = 2^17 = 131072 entries
2021-04-24 21:17:39,208 INFO metrics.TopMetrics: NNTop conf: dfs.namenode.top.window.num.buckets = 10
2021-04-24 21:17:39,208 INFO metrics.TopMetrics: NNTop conf: dfs.namenode.top.num.users = 10
2021-04-24 21:17:39,208 INFO metrics.TopMetrics: NNTop conf: dfs.namenode.top.windows.minutes = 1,5,25
2021-04-24 21:17:39,243 INFO namenode.FSNamesystem: Retry cache on namenode is enabled
2021-04-24 21:17:39,244 INFO namenode.FSNamesystem: Retry cache will use 0.03 of total heap and retry cache entry expiry time is 600000 millis
2021-04-24 21:17:39,249 INFO util.GSet: Computing capacity for map NameNodeRetryCache
2021-04-24 21:17:39,249 INFO util.GSet: VM type       = 64-bit
2021-04-24 21:17:39,249 INFO util.GSet: 0.029999999329447746% max memory 481.4 MB = 147.9 KB
2021-04-24 21:17:39,250 INFO util.GSet: capacity      = 2^14 = 16384 entries
2021-04-24 21:17:39,353 INFO namenode.FSImage: Allocated new BlockPoolId: BP-1493680259-127.0.1.1-1619279259333
2021-04-24 21:17:39,557 INFO common.Storage: Storage directory /home/hdoop/tmpdata/dfs/name has been successfully formatted.
2021-04-24 21:17:39,761 INFO namenode.FSImageFormatProtobuf: Saving image file /home/hdoop/tmpdata/dfs/name/current/fsimage.ckpt_0000000000000000000 using no compression
2021-04-24 21:17:40,106 INFO namenode.FSImageFormatProtobuf: Image file /home/hdoop/tmpdata/dfs/name/current/fsimage.ckpt_0000000000000000000 of size 400 bytes saved in 0 seconds .
2021-04-24 21:17:40,310 INFO namenode.NNStorageRetentionManager: Going to retain 1 images with txid >= 0
2021-04-24 21:17:40,329 INFO namenode.FSImage: FSImageSaver clean checkpoint: txid=0 when meet shutdown.
2021-04-24 21:17:40,334 INFO namenode.NameNode: SHUTDOWN_MSG: 
/************************************************************
SHUTDOWN_MSG: Shutting down NameNode at akanksha2510/127.0.1.1
************************************************************/
hdoop@akanksha2510:~$ cd ~/hadoop-3.2.1/sbin
hdoop@akanksha2510:~/hadoop-3.2.1/sbin$ ./start-dfs.sh
Starting namenodes on [localhost]
Starting datanodes
Starting secondary namenodes [akanksha2510]
akanksha2510: Warning: Permanently added 'akanksha2510' (ECDSA) to the list of known hosts.
2021-04-24 21:22:36,761 WARN util.NativeCodeLoader: Unable to load native-hadoop library for your platform... using builtin-java classes where applicable
hdoop@akanksha2510:~/hadoop-3.2.1/sbin$ ./start-yarn.sh
Starting resourcemanager
Starting nodemanagers
hdoop@akanksha2510:~/hadoop-3.2.1/sbin$ jps
4416 SecondaryNameNode
4241 DataNode
4914 Jps
4774 NodeManager
4121 NameNode
4652 ResourceManager
hdoop@akanksha2510:~/hadoop-3.2.1/sbin$ hdfs dfs -mkdir /input_dir
2021-04-24 21:39:41,592 WARN util.NativeCodeLoader: Unable to load native-hadoop library for your platform... using builtin-java classes where applicable
hdoop@akanksha2510:~/hadoop-3.2.1/sbin$ hdfs dfs -ls /
2021-04-24 21:39:53,289 WARN util.NativeCodeLoader: Unable to load native-hadoop library for your platform... using builtin-java classes where applicable
Found 1 items
drwxr-xr-x   - hdoop supergroup          0 2021-04-24 21:39 /input_dir
hdoop@akanksha2510:~/hadoop-3.2.1/sbin$ hadoop fs -put /home/akanksha/Desktop/input_file.txt /input_dir
2021-04-24 21:41:21,594 WARN util.NativeCodeLoader: Unable to load native-hadoop library for your platform... using builtin-java classes where applicable
2021-04-24 21:41:23,871 INFO sasl.SaslDataTransferClient: SASL encryption trust check: localHostTrusted = false, remoteHostTrusted = false
hdoop@akanksha2510:~/hadoop-3.2.1/sbin$ hdfs dfs -ls /input_dir
2021-04-24 21:41:48,380 WARN util.NativeCodeLoader: Unable to load native-hadoop library for your platform... using builtin-java classes where applicable
Found 1 items
-rw-r--r--   1 hdoop supergroup         67 2021-04-24 21:41 /input_dir/input_file.txt
hdoop@akanksha2510:~/hadoop-3.2.1/sbin$ hdfs dfs -cat /input_dir/input_file.txt
2021-04-24 21:42:42,578 WARN util.NativeCodeLoader: Unable to load native-hadoop library for your platform... using builtin-java classes where applicable
2021-04-24 21:42:44,346 INFO sasl.SaslDataTransferClient: SASL encryption trust check: localHostTrusted = false, remoteHostTrusted = false
Hello how are you 
Hadoop in action
Hello world 
are you a human ?
hdoop@akanksha2510:~/hadoop-3.2.1/sbin$ hadoop jar /home/akanksha/Downloads/wordcount.jar wordcount /input_dir/output_dir
Exception in thread "main" java.lang.ClassNotFoundException: wordcount
	at java.net.URLClassLoader.findClass(URLClassLoader.java:382)
	at java.lang.ClassLoader.loadClass(ClassLoader.java:418)
	at java.lang.ClassLoader.loadClass(ClassLoader.java:351)
	at java.lang.Class.forName0(Native Method)
	at java.lang.Class.forName(Class.java:348)
	at org.apache.hadoop.util.RunJar.run(RunJar.java:316)
	at org.apache.hadoop.util.RunJar.main(RunJar.java:236)
hdoop@akanksha2510:~/hadoop-3.2.1/sbin$ hadoop jar /home/akanksha/Downloads/MapReduceClient.jar wordcount /input_dir/output
Usage: wordcount <in> [<in>...] <out>
hdoop@akanksha2510:~/hadoop-3.2.1/sbin$ hadoop jar /home/akanksha/Downloads/MapReduceClient.jar wordcount /input_dir /output
2021-04-24 22:20:12,815 WARN util.NativeCodeLoader: Unable to load native-hadoop library for your platform... using builtin-java classes where applicable
2021-04-24 22:20:14,377 INFO client.RMProxy: Connecting to ResourceManager at /127.0.0.1:8032
2021-04-24 22:20:15,645 INFO mapreduce.JobResourceUploader: Disabling Erasure Coding for path: /tmp/hadoop-yarn/staging/hdoop/.staging/job_1619279591905_0001
2021-04-24 22:20:15,953 INFO sasl.SaslDataTransferClient: SASL encryption trust check: localHostTrusted = false, remoteHostTrusted = false
2021-04-24 22:20:16,286 INFO input.FileInputFormat: Total input files to process : 1
2021-04-24 22:20:16,385 INFO sasl.SaslDataTransferClient: SASL encryption trust check: localHostTrusted = false, remoteHostTrusted = false
2021-04-24 22:20:16,472 INFO sasl.SaslDataTransferClient: SASL encryption trust check: localHostTrusted = false, remoteHostTrusted = false
2021-04-24 22:20:16,534 INFO mapreduce.JobSubmitter: number of splits:1
2021-04-24 22:20:17,177 INFO sasl.SaslDataTransferClient: SASL encryption trust check: localHostTrusted = false, remoteHostTrusted = false
2021-04-24 22:20:17,286 INFO mapreduce.JobSubmitter: Submitting tokens for job: job_1619279591905_0001
2021-04-24 22:20:17,287 INFO mapreduce.JobSubmitter: Executing with tokens: []
2021-04-24 22:20:17,736 INFO conf.Configuration: resource-types.xml not found
2021-04-24 22:20:17,740 INFO resource.ResourceUtils: Unable to find 'resource-types.xml'.
2021-04-24 22:20:18,839 INFO impl.YarnClientImpl: Submitted application application_1619279591905_0001
2021-04-24 22:20:19,001 INFO mapreduce.Job: The url to track the job: http://akanksha2510:8088/proxy/application_1619279591905_0001/
2021-04-24 22:20:19,002 INFO mapreduce.Job: Running job: job_1619279591905_0001
2021-04-24 22:20:43,079 INFO mapreduce.Job: Job job_1619279591905_0001 running in uber mode : false
2021-04-24 22:20:43,086 INFO mapreduce.Job:  map 0% reduce 0%
2021-04-24 22:21:02,339 INFO mapreduce.Job:  map 100% reduce 0%
2021-04-24 22:21:20,561 INFO mapreduce.Job:  map 100% reduce 100%
2021-04-24 22:21:21,587 INFO mapreduce.Job: Job job_1619279591905_0001 completed successfully
2021-04-24 22:21:21,782 INFO mapreduce.Job: Counters: 54
	File System Counters
		FILE: Number of bytes read=123
		FILE: Number of bytes written=451541
		FILE: Number of read operations=0
		FILE: Number of large read operations=0
		FILE: Number of write operations=0
		HDFS: Number of bytes read=178
		HDFS: Number of bytes written=73
		HDFS: Number of read operations=8
		HDFS: Number of large read operations=0
		HDFS: Number of write operations=2
		HDFS: Number of bytes read erasure-coded=0
	Job Counters 
		Launched map tasks=1
		Launched reduce tasks=1
		Data-local map tasks=1
		Total time spent by all maps in occupied slots (ms)=16796
		Total time spent by all reduces in occupied slots (ms)=13332
		Total time spent by all map tasks (ms)=16796
		Total time spent by all reduce tasks (ms)=13332
		Total vcore-milliseconds taken by all map tasks=16796
		Total vcore-milliseconds taken by all reduce tasks=13332
		Total megabyte-milliseconds taken by all map tasks=17199104
		Total megabyte-milliseconds taken by all reduce tasks=13651968
	Map-Reduce Framework
		Map input records=4
		Map output records=14
		Map output bytes=121
		Map output materialized bytes=123
		Input split bytes=111
		Combine input records=14
		Combine output records=11
		Reduce input groups=11
		Reduce shuffle bytes=123
		Reduce input records=11
		Reduce output records=11
		Spilled Records=22
		Shuffled Maps =1
		Failed Shuffles=0
		Merged Map outputs=1
		GC time elapsed (ms)=218
		CPU time spent (ms)=1350
		Physical memory (bytes) snapshot=306266112
		Virtual memory (bytes) snapshot=4967927808
		Total committed heap usage (bytes)=170004480
		Peak Map Physical memory (bytes)=197144576
		Peak Map Virtual memory (bytes)=2479611904
		Peak Reduce Physical memory (bytes)=109121536
		Peak Reduce Virtual memory (bytes)=2488315904
	Shuffle Errors
		BAD_ID=0
		CONNECTION=0
		IO_ERROR=0
		WRONG_LENGTH=0
		WRONG_MAP=0
		WRONG_REDUCE=0
	File Input Format Counters 
		Bytes Read=67
	File Output Format Counters 
		Bytes Written=73
hdoop@akanksha2510:~/hadoop-3.2.1/sbin$ hdfs dfs -cat /output/*
2021-04-24 22:22:12,652 WARN util.NativeCodeLoader: Unable to load native-hadoop library for your platform... using builtin-java classes where applicable
2021-04-24 22:22:14,612 INFO sasl.SaslDataTransferClient: SASL encryption trust check: localHostTrusted = false, remoteHostTrusted = false
?	1
Hadoop	1
Hello	2
a	1
action	1
are	2
how	1
human	1
in	1
world	1
you	2
hdoop@akanksha2510:~/hadoop-3.2.1/sbin$ 

